// Jest Snapshot v1, https://goo.gl/fbAQLP

exports[`report-orphan-pages should return items array with scannedPages count 1`] = `
{
  "content": [],
  "structuredContent": {
    "items": [
      {
        "documentType": "",
        "id": "00000000-0000-0000-0000-000000000000",
        "inboundReferenceCount": 0,
        "name": "Home",
        "url": "",
      },
    ],
    "nextCursor": undefined,
    "scannedPages": 1,
    "total": 1,
  },
}
`;
