// Jest Snapshot v1, https://goo.gl/fbAQLP

exports[`list-dictionary should list root dictionary entries 1`] = `
{
  "content": [],
  "structuredContent": {
    "items": [
      {
        "id": "00000000-0000-0000-0000-000000000000",
        "name": "Article.Posted",
        "translatedLanguages": [],
      },
      {
        "id": "00000000-0000-0000-0000-000000000000",
        "name": "ArticleList.ViewAll",
        "translatedLanguages": [],
      },
      {
        "id": "00000000-0000-0000-0000-000000000000",
        "name": "Author.ReadMore",
        "translatedLanguages": [],
      },
      {
        "id": "00000000-0000-0000-0000-000000000000",
        "name": "ContactForm.Email",
        "translatedLanguages": [],
      },
      {
        "id": "00000000-0000-0000-0000-000000000000",
        "name": "ContactForm.Message",
        "translatedLanguages": [],
      },
      {
        "id": "00000000-0000-0000-0000-000000000000",
        "name": "ContactForm.Name",
        "translatedLanguages": [],
      },
      {
        "id": "00000000-0000-0000-0000-000000000000",
        "name": "ContactForm.Send",
        "translatedLanguages": [],
      },
      {
        "id": "00000000-0000-0000-0000-000000000000",
        "name": "Footer.CopyrightStatement",
        "translatedLanguages": [],
      },
      {
        "id": "00000000-0000-0000-0000-000000000000",
        "name": "Footer.CopyrightTitle",
        "translatedLanguages": [],
      },
      {
        "id": "00000000-0000-0000-0000-000000000000",
        "name": "Navigation.MenuTitle",
        "translatedLanguages": [],
      },
      {
        "id": "00000000-0000-0000-0000-000000000000",
        "name": "Navigation.SiteName",
        "translatedLanguages": [],
      },
      {
        "id": "00000000-0000-0000-0000-000000000000",
        "name": "Paging.Next",
        "translatedLanguages": [],
      },
      {
        "id": "00000000-0000-0000-0000-000000000000",
        "name": "Paging.Of",
        "translatedLanguages": [],
      },
      {
        "id": "00000000-0000-0000-0000-000000000000",
        "name": "Paging.Page",
        "translatedLanguages": [],
      },
      {
        "id": "00000000-0000-0000-0000-000000000000",
        "name": "Paging.Previous",
        "translatedLanguages": [],
      },
      {
        "id": "00000000-0000-0000-0000-000000000000",
        "name": "Search.Placeholder",
        "translatedLanguages": [],
      },
      {
        "id": "00000000-0000-0000-0000-000000000000",
        "name": "Search.Results",
        "translatedLanguages": [],
      },
      {
        "id": "00000000-0000-0000-0000-000000000000",
        "name": "Search.SearchButton",
        "translatedLanguages": [],
      },
    ],
    "nextCursor": undefined,
    "total": 18,
  },
}
`;
