// Jest Snapshot v1, https://goo.gl/fbAQLP

exports[`get-blueprint should get blueprint details by ID 1`] = `
{
  "content": [],
  "structuredContent": {
    "documentType": {
      "alias": undefined,
      "id": "00000000-0000-0000-0000-000000000000",
      "name": undefined,
    },
    "id": "00000000-0000-0000-0000-000000000000",
    "name": "_Test Get Blueprint",
    "values": [
      {
        "alias": "socialIconLinks",
        "culture": null,
        "editorAlias": "Umbraco.BlockList",
        "segment": null,
        "value": {
          "contentData": [
            {
              "contentTypeKey": "00000000-0000-0000-0000-000000000000",
              "key": "00000000-0000-0000-0000-000000000000",
              "values": [
                {
                  "alias": "icon",
                  "culture": null,
                  "editorAlias": "Umbraco.MediaPicker3",
                  "segment": null,
                  "value": [
                    {
                      "crops": [],
                      "focalPoint": null,
                      "key": "00000000-0000-0000-0000-000000000000",
                      "mediaKey": "00000000-0000-0000-0000-000000000000",
                      "mediaTypeAlias": "umbracoMediaVectorGraphics",
                    },
                  ],
                },
                {
                  "alias": "link",
                  "culture": null,
                  "editorAlias": "Umbraco.MultiUrlPicker",
                  "segment": null,
                  "value": [
                    {
                      "icon": "icon-link",
                      "name": "View this package repository on GitHub",
                      "published": true,
                      "queryString": null,
                      "target": "_blank",
                      "trashed": false,
                      "type": "external",
                      "unique": null,
                      "url": "https://github.com/prjseal",
                    },
                  ],
                },
              ],
            },
            {
              "contentTypeKey": "00000000-0000-0000-0000-000000000000",
              "key": "00000000-0000-0000-0000-000000000000",
              "values": [
                {
                  "alias": "icon",
                  "culture": null,
                  "editorAlias": "Umbraco.MediaPicker3",
                  "segment": null,
                  "value": [
                    {
                      "crops": [],
                      "focalPoint": null,
                      "key": "00000000-0000-0000-0000-000000000000",
                      "mediaKey": "00000000-0000-0000-0000-000000000000",
                      "mediaTypeAlias": "umbracoMediaVectorGraphics",
                    },
                  ],
                },
                {
                  "alias": "link",
                  "culture": null,
                  "editorAlias": "Umbraco.MultiUrlPicker",
                  "segment": null,
                  "value": [
                    {
                      "icon": "icon-link",
                      "name": "View this in the Umbraco Marketplace",
                      "published": true,
                      "queryString": null,
                      "target": "_blank",
                      "trashed": false,
                      "type": "external",
                      "unique": null,
                      "url": "https://marketplace.umbraco.com/package/clean",
                    },
                  ],
                },
              ],
            },
            {
              "contentTypeKey": "00000000-0000-0000-0000-000000000000",
              "key": "00000000-0000-0000-0000-000000000000",
              "values": [
                {
                  "alias": "icon",
                  "culture": null,
                  "editorAlias": "Umbraco.MediaPicker3",
                  "segment": null,
                  "value": [
                    {
                      "crops": [],
                      "focalPoint": null,
                      "key": "00000000-0000-0000-0000-000000000000",
                      "mediaKey": "00000000-0000-0000-0000-000000000000",
                      "mediaTypeAlias": "umbracoMediaVectorGraphics",
                    },
                  ],
                },
                {
                  "alias": "link",
                  "culture": null,
                  "editorAlias": "Umbraco.MultiUrlPicker",
                  "segment": null,
                  "value": [
                    {
                      "icon": "icon-link",
                      "name": "Follow me on twitter",
                      "published": true,
                      "queryString": null,
                      "target": "_blank",
                      "trashed": false,
                      "type": "external",
                      "unique": null,
                      "url": "https://twitter.com/codesharepaul",
                    },
                  ],
                },
              ],
            },
            {
              "contentTypeKey": "00000000-0000-0000-0000-000000000000",
              "key": "00000000-0000-0000-0000-000000000000",
              "values": [
                {
                  "alias": "icon",
                  "culture": null,
                  "editorAlias": "Umbraco.MediaPicker3",
                  "segment": null,
                  "value": [
                    {
                      "crops": [],
                      "focalPoint": null,
                      "key": "00000000-0000-0000-0000-000000000000",
                      "mediaKey": "00000000-0000-0000-0000-000000000000",
                      "mediaTypeAlias": "umbracoMediaVectorGraphics",
                    },
                  ],
                },
                {
                  "alias": "link",
                  "culture": null,
                  "editorAlias": "Umbraco.MultiUrlPicker",
                  "segment": null,
                  "value": [
                    {
                      "icon": "icon-link",
                      "name": "Read my blog codeshare.co.uk",
                      "published": true,
                      "queryString": null,
                      "target": "_blank",
                      "trashed": false,
                      "type": "external",
                      "unique": null,
                      "url": "https://codeshare.co.uk",
                    },
                  ],
                },
              ],
            },
            {
              "contentTypeKey": "00000000-0000-0000-0000-000000000000",
              "key": "00000000-0000-0000-0000-000000000000",
              "values": [
                {
                  "alias": "icon",
                  "culture": null,
                  "editorAlias": "Umbraco.MediaPicker3",
                  "segment": null,
                  "value": [
                    {
                      "crops": [],
                      "focalPoint": null,
                      "key": "00000000-0000-0000-0000-000000000000",
                      "mediaKey": "00000000-0000-0000-0000-000000000000",
                      "mediaTypeAlias": "umbracoMediaVectorGraphics",
                    },
                  ],
                },
                {
                  "alias": "link",
                  "culture": null,
                  "editorAlias": "Umbraco.MultiUrlPicker",
                  "segment": null,
                  "value": [
                    {
                      "icon": "icon-link",
                      "name": "Join the Umbraco discord server",
                      "published": true,
                      "queryString": null,
                      "target": "_blank",
                      "trashed": false,
                      "type": "external",
                      "unique": null,
                      "url": "https://discord.gg/umbraco",
                    },
                  ],
                },
              ],
            },
            {
              "contentTypeKey": "00000000-0000-0000-0000-000000000000",
              "key": "00000000-0000-0000-0000-000000000000",
              "values": [
                {
                  "alias": "icon",
                  "culture": null,
                  "editorAlias": "Umbraco.MediaPicker3",
                  "segment": null,
                  "value": [
                    {
                      "crops": [],
                      "focalPoint": null,
                      "key": "00000000-0000-0000-0000-000000000000",
                      "mediaKey": "00000000-0000-0000-0000-000000000000",
                      "mediaTypeAlias": "umbracoMediaVectorGraphics",
                    },
                  ],
                },
                {
                  "alias": "link",
                  "culture": null,
                  "editorAlias": "Umbraco.MultiUrlPicker",
                  "segment": null,
                  "value": [
                    {
                      "icon": "icon-link",
                      "name": "You can buy me a coffee on PayPal if you would like to",
                      "published": true,
                      "queryString": null,
                      "target": "_blank",
                      "trashed": false,
                      "type": "external",
                      "unique": null,
                      "url": "https://codeshare.co.uk/coffee",
                    },
                  ],
                },
              ],
            },
            {
              "contentTypeKey": "00000000-0000-0000-0000-000000000000",
              "key": "00000000-0000-0000-0000-000000000000",
              "values": [
                {
                  "alias": "icon",
                  "culture": null,
                  "editorAlias": "Umbraco.MediaPicker3",
                  "segment": null,
                  "value": [
                    {
                      "crops": [],
                      "focalPoint": null,
                      "key": "00000000-0000-0000-0000-000000000000",
                      "mediaKey": "00000000-0000-0000-0000-000000000000",
                      "mediaTypeAlias": "umbracoMediaVectorGraphics",
                    },
                  ],
                },
                {
                  "alias": "link",
                  "culture": null,
                  "editorAlias": "Umbraco.MultiUrlPicker",
                  "segment": null,
                  "value": [
                    {
                      "icon": "icon-link",
                      "name": "Follow me on Mastodon",
                      "published": true,
                      "queryString": null,
                      "target": "_blank",
                      "trashed": false,
                      "type": "external",
                      "unique": null,
                      "url": "https://umbracocommunity.social/@CodeSharePaul",
                    },
                  ],
                },
              ],
            },
          ],
          "expose": [
            {
              "contentKey": "88b3cd1e-0bd7-47fd-9081-ab4832c84241",
              "culture": null,
              "segment": null,
            },
            {
              "contentKey": "ea8a8fee-444b-461b-8b07-de267ccbe9ef",
              "culture": null,
              "segment": null,
            },
            {
              "contentKey": "8fc94595-272b-475a-b4f8-0b8da018f720",
              "culture": null,
              "segment": null,
            },
            {
              "contentKey": "f5a40b08-daf1-412f-bc57-f768498be386",
              "culture": null,
              "segment": null,
            },
            {
              "contentKey": "4342c4bf-5050-4a32-8b3e-6dbc2156afc2",
              "culture": null,
              "segment": null,
            },
            {
              "contentKey": "f0190005-f618-485f-a210-5d873e4c9227",
              "culture": null,
              "segment": null,
            },
            {
              "contentKey": "853ba3c4-9bf1-4997-a49e-d9ebca703142",
              "culture": null,
              "segment": null,
            },
          ],
          "layout": {
            "Umbraco.BlockList": [
              {
                "$type": "BlockListLayoutItem",
                "contentKey": "88b3cd1e-0bd7-47fd-9081-ab4832c84241",
                "contentUdi": null,
                "settingsKey": "c5fe35b5-194e-4ea2-bee5-f6baa0e0c5ad",
                "settingsUdi": null,
              },
              {
                "$type": "BlockListLayoutItem",
                "contentKey": "ea8a8fee-444b-461b-8b07-de267ccbe9ef",
                "contentUdi": null,
                "settingsKey": "ea13e2b8-f5d1-49e7-a0fa-7bfd82ac5a39",
                "settingsUdi": null,
              },
              {
                "$type": "BlockListLayoutItem",
                "contentKey": "8fc94595-272b-475a-b4f8-0b8da018f720",
                "contentUdi": null,
                "settingsKey": "c96f976f-ae28-4027-a336-c5ea6b12b5f3",
                "settingsUdi": null,
              },
              {
                "$type": "BlockListLayoutItem",
                "contentKey": "f5a40b08-daf1-412f-bc57-f768498be386",
                "contentUdi": null,
                "settingsKey": "e966db03-d627-4d81-b2ca-81c98887156e",
                "settingsUdi": null,
              },
              {
                "$type": "BlockListLayoutItem",
                "contentKey": "4342c4bf-5050-4a32-8b3e-6dbc2156afc2",
                "contentUdi": null,
                "settingsKey": "6e25c5da-fe50-45cb-95a7-95ef9672e426",
                "settingsUdi": null,
              },
              {
                "$type": "BlockListLayoutItem",
                "contentKey": "f0190005-f618-485f-a210-5d873e4c9227",
                "contentUdi": null,
                "settingsKey": "67da7863-fdef-4849-9ae8-3d3edc20b7a0",
                "settingsUdi": null,
              },
              {
                "$type": "BlockListLayoutItem",
                "contentKey": "853ba3c4-9bf1-4997-a49e-d9ebca703142",
                "contentUdi": null,
                "settingsKey": "88d58039-4d47-4865-b0bc-14791b6e0881",
                "settingsUdi": null,
              },
            ],
          },
          "settingsData": [
            {
              "contentTypeKey": "00000000-0000-0000-0000-000000000000",
              "key": "00000000-0000-0000-0000-000000000000",
              "values": [
                {
                  "alias": "hide",
                  "culture": null,
                  "editorAlias": "Umbraco.TrueFalse",
                  "segment": null,
                  "value": false,
                },
              ],
            },
            {
              "contentTypeKey": "00000000-0000-0000-0000-000000000000",
              "key": "00000000-0000-0000-0000-000000000000",
              "values": [
                {
                  "alias": "hide",
                  "culture": null,
                  "editorAlias": "Umbraco.TrueFalse",
                  "segment": null,
                  "value": false,
                },
              ],
            },
            {
              "contentTypeKey": "00000000-0000-0000-0000-000000000000",
              "key": "00000000-0000-0000-0000-000000000000",
              "values": [
                {
                  "alias": "hide",
                  "culture": null,
                  "editorAlias": "Umbraco.TrueFalse",
                  "segment": null,
                  "value": false,
                },
              ],
            },
            {
              "contentTypeKey": "00000000-0000-0000-0000-000000000000",
              "key": "00000000-0000-0000-0000-000000000000",
              "values": [
                {
                  "alias": "hide",
                  "culture": null,
                  "editorAlias": "Umbraco.TrueFalse",
                  "segment": null,
                  "value": false,
                },
              ],
            },
            {
              "contentTypeKey": "00000000-0000-0000-0000-000000000000",
              "key": "00000000-0000-0000-0000-000000000000",
              "values": [
                {
                  "alias": "hide",
                  "culture": null,
                  "editorAlias": "Umbraco.TrueFalse",
                  "segment": null,
                  "value": false,
                },
              ],
            },
            {
              "contentTypeKey": "00000000-0000-0000-0000-000000000000",
              "key": "00000000-0000-0000-0000-000000000000",
              "values": [
                {
                  "alias": "hide",
                  "culture": null,
                  "editorAlias": "Umbraco.TrueFalse",
                  "segment": null,
                  "value": false,
                },
              ],
            },
            {
              "contentTypeKey": "00000000-0000-0000-0000-000000000000",
              "key": "00000000-0000-0000-0000-000000000000",
              "values": [],
            },
          ],
        },
      },
      {
        "alias": "title",
        "culture": null,
        "editorAlias": "Umbraco.TextBox",
        "segment": null,
        "value": "Clean Starter Kit",
      },
      {
        "alias": "subtitle",
        "culture": null,
        "editorAlias": "Umbraco.TextBox",
        "segment": null,
        "value": "For Umbraco",
      },
      {
        "alias": "contentRows",
        "culture": null,
        "editorAlias": "Umbraco.BlockList",
        "segment": null,
        "value": {
          "contentData": [
            {
              "contentTypeKey": "00000000-0000-0000-0000-000000000000",
              "key": "00000000-0000-0000-0000-000000000000",
              "values": [
                {
                  "alias": "articleList",
                  "culture": null,
                  "editorAlias": "Umbraco.ContentPicker",
                  "segment": null,
                  "value": "31523089-f648-4883-9087-ef9a0b83129f",
                },
                {
                  "alias": "pageSize",
                  "culture": null,
                  "editorAlias": "Umbraco.Integer",
                  "segment": null,
                  "value": 3,
                },
                {
                  "alias": "showPagination",
                  "culture": null,
                  "editorAlias": "Umbraco.TrueFalse",
                  "segment": null,
                  "value": false,
                },
              ],
            },
          ],
          "expose": [
            {
              "contentKey": "bfc949ab-5489-4586-89f3-0c6c93f2d619",
              "culture": null,
              "segment": null,
            },
          ],
          "layout": {
            "Umbraco.BlockList": [
              {
                "$type": "BlockListLayoutItem",
                "contentKey": "bfc949ab-5489-4586-89f3-0c6c93f2d619",
                "contentUdi": null,
                "settingsKey": "e378d8aa-9646-4bc4-ba92-3cc44fa3af5c",
                "settingsUdi": null,
              },
            ],
          },
          "settingsData": [
            {
              "contentTypeKey": "00000000-0000-0000-0000-000000000000",
              "key": "00000000-0000-0000-0000-000000000000",
              "values": [
                {
                  "alias": "hide",
                  "culture": null,
                  "editorAlias": "Umbraco.TrueFalse",
                  "segment": null,
                  "value": false,
                },
                {
                  "alias": "paddingTop",
                  "culture": null,
                  "editorAlias": "Umbraco.DropDown.Flexible",
                  "segment": null,
                  "value": "",
                },
                {
                  "alias": "paddingBottom",
                  "culture": null,
                  "editorAlias": "Umbraco.DropDown.Flexible",
                  "segment": null,
                  "value": "",
                },
                {
                  "alias": "paddingLeft",
                  "culture": null,
                  "editorAlias": "Umbraco.DropDown.Flexible",
                  "segment": null,
                  "value": "",
                },
                {
                  "alias": "paddingRight",
                  "culture": null,
                  "editorAlias": "Umbraco.DropDown.Flexible",
                  "segment": null,
                  "value": "",
                },
                {
                  "alias": "marginTop",
                  "culture": null,
                  "editorAlias": "Umbraco.DropDown.Flexible",
                  "segment": null,
                  "value": "",
                },
                {
                  "alias": "marginBottom",
                  "culture": null,
                  "editorAlias": "Umbraco.DropDown.Flexible",
                  "segment": null,
                  "value": "",
                },
                {
                  "alias": "marginLeft",
                  "culture": null,
                  "editorAlias": "Umbraco.DropDown.Flexible",
                  "segment": null,
                  "value": "",
                },
                {
                  "alias": "marginRight",
                  "culture": null,
                  "editorAlias": "Umbraco.DropDown.Flexible",
                  "segment": null,
                  "value": "",
                },
              ],
            },
          ],
        },
      },
      {
        "alias": "mainImage",
        "culture": null,
        "editorAlias": "Umbraco.MediaPicker3",
        "segment": null,
        "value": [
          {
            "crops": [],
            "focalPoint": null,
            "key": "00000000-0000-0000-0000-000000000000",
            "mediaKey": "00000000-0000-0000-0000-000000000000",
            "mediaTypeAlias": "Image",
          },
        ],
      },
      {
        "alias": "isIndexable",
        "culture": null,
        "editorAlias": "Umbraco.TrueFalse",
        "segment": null,
        "value": false,
      },
      {
        "alias": "isFollowable",
        "culture": null,
        "editorAlias": "Umbraco.TrueFalse",
        "segment": null,
        "value": false,
      },
    ],
    "variants": [
      {
        "culture": null,
        "name": "_Test Get Blueprint",
        "segment": null,
      },
    ],
  },
}
`;
