// Jest Snapshot v1, https://goo.gl/fbAQLP

exports[`list-blueprints should list root-level blueprints 1`] = `
{
  "content": [],
  "structuredContent": {
    "items": [
      {
        "documentType": undefined,
        "id": "00000000-0000-0000-0000-000000000000",
        "name": "_Test List Blueprints",
      },
    ],
    "nextCursor": undefined,
    "total": 1,
  },
}
`;
