// Jest Snapshot v1, https://goo.gl/fbAQLP

exports[`report-member-count should return member count breakdown by type and group 1`] = `
{
  "content": [],
  "structuredContent": {
    "byGroup": [
      {
        "count": 0,
        "group": "Delete Rejection Test Group",
      },
      {
        "count": 0,
        "group": "_Test Create Member Group",
      },
    ],
    "byType": [],
    "totalMembers": 0,
  },
}
`;
