// Jest Snapshot v1, https://goo.gl/fbAQLP

exports[`report-stale-content should return stale content items 1`] = `
{
  "content": [],
  "structuredContent": {
    "items": [
      {
        "daysSinceUpdate": 1,
        "documentType": "",
        "id": "00000000-0000-0000-0000-000000000000",
        "lastModified": "NORMALIZED_DATE",
        "name": "Bulk Move Test Page",
        "url": "",
      },
    ],
    "nextCursor": undefined,
    "scannedPages": 2,
    "threshold": 1,
    "total": 1,
  },
}
`;
