// Jest Snapshot v1, https://goo.gl/fbAQLP

exports[`report-unpublished should return unpublished content items 1`] = `
{
  "content": [],
  "structuredContent": {
    "items": [
      {
        "documentType": "",
        "id": "00000000-0000-0000-0000-000000000000",
        "lastModified": "NORMALIZED_DATE",
        "name": "Home",
        "state": "Draft",
        "url": "",
      },
      {
        "documentType": "",
        "id": "00000000-0000-0000-0000-000000000000",
        "lastModified": "NORMALIZED_DATE",
        "name": "_Bulk Move Test Page",
        "state": "Draft",
        "url": "",
      },
    ],
    "nextCursor": undefined,
    "scannedPages": 2,
    "total": 2,
  },
}
`;
