// Jest Snapshot v1, https://goo.gl/fbAQLP

exports[`report-site-tree-summary should return tree array, totalPages, pagesPerLevel, and maxDepthFound 1`] = `
{
  "content": [],
  "structuredContent": {
    "maxDepthFound": 2,
    "pagesPerLevel": {
      "0": 1,
      "1": 100,
      "2": 15,
    },
    "totalPages": 116,
    "tree": [
      {
        "childCount": 100,
        "children": [
          {
            "childCount": 0,
            "children": [],
            "depth": 1,
            "documentType": "",
            "id": "a2807f32-ecd8-4110-9167-7dafeecd15c9",
            "name": "Features",
            "url": "",
          },
          {
            "childCount": 0,
            "children": [],
            "depth": 1,
            "documentType": "",
            "id": "704a66de-b213-44fe-815a-f988c0707bbf",
            "name": "About",
            "url": "",
          },
          {
            "childCount": 7,
            "children": [
              {
                "childCount": 0,
                "children": [],
                "depth": 2,
                "documentType": "",
                "id": "2cb4c092-564a-42c6-9b18-bd31e117004e",
                "name": "Community",
                "url": "",
              },
              {
                "childCount": 0,
                "children": [],
                "depth": 2,
                "documentType": "",
                "id": "ab52bebc-e857-420e-b72c-dc661ea7819d",
                "name": "Popular blogs",
                "url": "",
              },
              {
                "childCount": 0,
                "children": [],
                "depth": 2,
                "documentType": "",
                "id": "fca65d9c-8e03-4d6c-83ed-44ef305e8d8e",
                "name": "Meetups",
                "url": "",
              },
              {
                "childCount": 0,
                "children": [],
                "depth": 2,
                "documentType": "",
                "id": "d28b8bc8-7204-4802-9c2d-6fd7c5a5e0aa",
                "name": "Conferences",
                "url": "",
              },
              {
                "childCount": 0,
                "children": [],
                "depth": 2,
                "documentType": "",
                "id": "d7556247-610e-459f-a999-06cfb3176cf8",
                "name": "Podcasts and Videos",
                "url": "",
              },
              {
                "childCount": 0,
                "children": [],
                "depth": 2,
                "documentType": "",
                "id": "110a0c49-fab9-4a72-959c-c41d328c05b4",
                "name": "YouTube Tutorials",
                "url": "",
              },
              {
                "childCount": 0,
                "children": [],
                "depth": 2,
                "documentType": "",
                "id": "e80ead52-b504-4c58-af3b-771083be8806",
                "name": "Join the Umbraco Community on Mastodon",
                "url": "",
              },
            ],
            "depth": 1,
            "documentType": "",
            "id": "31523089-f648-4883-9087-ef9a0b83129f",
            "name": "Blog",
            "url": "",
          },
          {
            "childCount": 0,
            "children": [],
            "depth": 1,
            "documentType": "",
            "id": "14e76673-9b71-4259-aac3-fc9507eb3bdb",
            "name": "Contact",
            "url": "",
          },
          {
            "childCount": 0,
            "children": [],
            "depth": 1,
            "documentType": "",
            "id": "abd58ca0-c700-47f3-b7ab-6672583572ce",
            "name": "Error",
            "url": "",
          },
          {
            "childCount": 0,
            "children": [],
            "depth": 1,
            "documentType": "",
            "id": "a77cdcb6-fb23-434e-a30f-75d0003a39c3",
            "name": "XMLSitemap",
            "url": "",
          },
          {
            "childCount": 0,
            "children": [],
            "depth": 1,
            "documentType": "",
            "id": "2d79b205-f7f5-4cdc-85a5-e94541d660b5",
            "name": "Search",
            "url": "",
          },
          {
            "childCount": 1,
            "children": [
              {
                "childCount": 0,
                "children": [],
                "depth": 2,
                "documentType": "",
                "id": "bd6a503a-c2f2-4715-9e97-fd2530c3e5b3",
                "name": "Paul Seal",
                "url": "",
              },
            ],
            "depth": 1,
            "documentType": "",
            "id": "8b97891b-bb88-4c50-827d-a458c3c2b7bb",
            "name": "Authors",
            "url": "",
          },
          {
            "childCount": 7,
            "children": [
              {
                "childCount": 0,
                "children": [],
                "depth": 2,
                "documentType": "",
                "id": "13ea3528-c98a-4b0f-bb84-e036408a092a",
                "name": "Community",
                "url": "",
              },
              {
                "childCount": 0,
                "children": [],
                "depth": 2,
                "documentType": "",
                "id": "3700e21b-425b-47ec-90d9-2bf892401ae0",
                "name": "Conferences",
                "url": "",
              },
              {
                "childCount": 0,
                "children": [],
                "depth": 2,
                "documentType": "",
                "id": "932fcf2c-0096-4061-b682-83ad4c625b5a",
                "name": "Meetups",
                "url": "",
              },
              {
                "childCount": 0,
                "children": [],
                "depth": 2,
                "documentType": "",
                "id": "942a1a23-a5e8-4703-b99f-90afcdcea6e4",
                "name": "Podcasts",
                "url": "",
              },
              {
                "childCount": 0,
                "children": [],
                "depth": 2,
                "documentType": "",
                "id": "566e938d-4c9b-4f9e-b230-247203233452",
                "name": "Resources",
                "url": "",
              },
              {
                "childCount": 0,
                "children": [],
                "depth": 2,
                "documentType": "",
                "id": "6edf2d3b-142a-401a-98ed-8bf5fbff76dd",
                "name": "Umbraco",
                "url": "",
              },
              {
                "childCount": 0,
                "children": [],
                "depth": 2,
                "documentType": "",
                "id": "107861f8-8705-4e43-a6a4-17277a37f99c",
                "name": "Videos",
                "url": "",
              },
            ],
            "depth": 1,
            "documentType": "",
            "id": "5756eed9-c96d-42ee-96e9-bccc5d1dd655",
            "name": "Categories",
            "url": "",
          },
          {
            "childCount": 0,
            "children": [],
            "depth": 1,
            "documentType": "",
            "id": "1686cf0e-37fe-4a1d-8c77-07014fb7cabf",
            "name": "Redirect Test Page",
            "url": "",
          },
          {
            "childCount": 0,
            "children": [],
            "depth": 1,
            "documentType": "",
            "id": "3d869d3d-c1dc-4eda-92b7-7bfd4328331e",
            "name": "Redirect Test Page (1)",
            "url": "",
          },
          {
            "childCount": 0,
            "children": [],
            "depth": 1,
            "documentType": "",
            "id": "d22a61ca-2ea1-4fc1-9145-d42617731e87",
            "name": "Redirect Test Page (2)",
            "url": "",
          },
          {
            "childCount": 0,
            "children": [],
            "depth": 1,
            "documentType": "",
            "id": "18830bd7-7c72-4be9-bd0c-2828f101f386",
            "name": "Redirect Test Page (3)",
            "url": "",
          },
          {
            "childCount": 0,
            "children": [],
            "depth": 1,
            "documentType": "",
            "id": "4d2db13f-fa4e-4991-8073-70d54b3c128e",
            "name": "Redirect Test Page (4)",
            "url": "",
          },
          {
            "childCount": 0,
            "children": [],
            "depth": 1,
            "documentType": "",
            "id": "0cd35589-7d23-4c82-9ffe-ba177d13f93b",
            "name": "Redirect Test Page (5)",
            "url": "",
          },
          {
            "childCount": 0,
            "children": [],
            "depth": 1,
            "documentType": "",
            "id": "bebdb37f-a13f-45f0-908d-4285761692a8",
            "name": "Redirect Test Page (6)",
            "url": "",
          },
          {
            "childCount": 0,
            "children": [],
            "depth": 1,
            "documentType": "",
            "id": "c0ea9013-85d4-4277-a78c-9bfc67dca281",
            "name": "Redirect Test Page (7)",
            "url": "",
          },
          {
            "childCount": 0,
            "children": [],
            "depth": 1,
            "documentType": "",
            "id": "c20a7c6c-4768-4cd7-9852-1604169bccd9",
            "name": "Redirect Test Page (8)",
            "url": "",
          },
          {
            "childCount": 0,
            "children": [],
            "depth": 1,
            "documentType": "",
            "id": "849a0cc6-e6c8-4298-b494-48a85cdaa7a9",
            "name": "Redirect Test Page (9)",
            "url": "",
          },
          {
            "childCount": 0,
            "children": [],
            "depth": 1,
            "documentType": "",
            "id": "02342c8a-4bbb-4970-bd33-558deb6a3c2f",
            "name": "Redirect Test Page (10)",
            "url": "",
          },
          {
            "childCount": 0,
            "children": [],
            "depth": 1,
            "documentType": "",
            "id": "edbbc34e-2a90-4978-baeb-7de95d147d5f",
            "name": "Redirect Test Page (11)",
            "url": "",
          },
          {
            "childCount": 0,
            "children": [],
            "depth": 1,
            "documentType": "",
            "id": "266654fc-2abb-4c05-97a0-838a1cb6b1a7",
            "name": "Redirect Test Page (12)",
            "url": "",
          },
          {
            "childCount": 0,
            "children": [],
            "depth": 1,
            "documentType": "",
            "id": "f41ddc41-4356-425f-bb0c-da5c73ff4bfa",
            "name": "Redirect Test Page (13)",
            "url": "",
          },
          {
            "childCount": 0,
            "children": [],
            "depth": 1,
            "documentType": "",
            "id": "97792ce9-d6a6-48c5-b050-462656e8740e",
            "name": "Redirect Test Page (14)",
            "url": "",
          },
          {
            "childCount": 0,
            "children": [],
            "depth": 1,
            "documentType": "",
            "id": "a2aa9703-942b-49e4-a239-f35c084e99d2",
            "name": "Redirect Test Page (15)",
            "url": "",
          },
          {
            "childCount": 0,
            "children": [],
            "depth": 1,
            "documentType": "",
            "id": "e89edb07-bb6f-4916-8153-290a44e81688",
            "name": "Redirect Test Page (16)",
            "url": "",
          },
          {
            "childCount": 0,
            "children": [],
            "depth": 1,
            "documentType": "",
            "id": "a8c3a8cd-c9ed-40cc-8227-197a9b4f6b08",
            "name": "Redirect Test Page (17)",
            "url": "",
          },
          {
            "childCount": 0,
            "children": [],
            "depth": 1,
            "documentType": "",
            "id": "67451d84-16bc-446d-96fb-76067ac79527",
            "name": "Redirect Test Page (18)",
            "url": "",
          },
          {
            "childCount": 0,
            "children": [],
            "depth": 1,
            "documentType": "",
            "id": "102870eb-d59c-4226-8033-de1687ec34d2",
            "name": "Redirect Test Page (19)",
            "url": "",
          },
          {
            "childCount": 0,
            "children": [],
            "depth": 1,
            "documentType": "",
            "id": "eee7ef4f-126e-4272-a69d-b27c5b9ed971",
            "name": "Redirect Test Page (20)",
            "url": "",
          },
          {
            "childCount": 0,
            "children": [],
            "depth": 1,
            "documentType": "",
            "id": "b6a1b19d-e370-4a2c-a039-70c16760157a",
            "name": "Redirect Test Page (21)",
            "url": "",
          },
          {
            "childCount": 0,
            "children": [],
            "depth": 1,
            "documentType": "",
            "id": "f67aa80e-f21c-4b40-9e8e-c55ab0c2e16b",
            "name": "Redirect Test Page (22)",
            "url": "",
          },
          {
            "childCount": 0,
            "children": [],
            "depth": 1,
            "documentType": "",
            "id": "19f89a9b-afeb-4e81-a581-feb0fb2bf1b9",
            "name": "Redirect Test Page (23)",
            "url": "",
          },
          {
            "childCount": 0,
            "children": [],
            "depth": 1,
            "documentType": "",
            "id": "243d0f4b-be08-44fe-aefd-d0c1a5f62151",
            "name": "Redirect Test Page (24)",
            "url": "",
          },
          {
            "childCount": 0,
            "children": [],
            "depth": 1,
            "documentType": "",
            "id": "a30e1b83-74da-43f1-93c4-c411764c105f",
            "name": "Redirect Test Page (25)",
            "url": "",
          },
          {
            "childCount": 0,
            "children": [],
            "depth": 1,
            "documentType": "",
            "id": "a813e6e8-7f63-4d3c-87db-a4e79e7320ff",
            "name": "Redirect Test Page (26)",
            "url": "",
          },
          {
            "childCount": 0,
            "children": [],
            "depth": 1,
            "documentType": "",
            "id": "27327151-57bf-4efc-b1b2-8ae25fd10743",
            "name": "Redirect Test Page (27)",
            "url": "",
          },
          {
            "childCount": 0,
            "children": [],
            "depth": 1,
            "documentType": "",
            "id": "c08a4bfe-bbdf-4509-82bc-2fc31b95da13",
            "name": "Redirect Test Page (28)",
            "url": "",
          },
          {
            "childCount": 0,
            "children": [],
            "depth": 1,
            "documentType": "",
            "id": "c3e751a5-7140-409b-bcca-f66ce516537e",
            "name": "Redirect Test Page (29)",
            "url": "",
          },
          {
            "childCount": 0,
            "children": [],
            "depth": 1,
            "documentType": "",
            "id": "a42e950b-4187-4e95-b645-37bff10be464",
            "name": "Redirect Test Page (30)",
            "url": "",
          },
          {
            "childCount": 0,
            "children": [],
            "depth": 1,
            "documentType": "",
            "id": "b22a4b16-4671-4546-8a40-929ceb68a971",
            "name": "Redirect Test Page (31)",
            "url": "",
          },
          {
            "childCount": 0,
            "children": [],
            "depth": 1,
            "documentType": "",
            "id": "7f8c5bfc-3fc8-4012-ac79-a22573d8fa4f",
            "name": "Redirect Test Page (32)",
            "url": "",
          },
          {
            "childCount": 0,
            "children": [],
            "depth": 1,
            "documentType": "",
            "id": "0273d6ce-0cfe-4a24-b9e8-17b995c8433a",
            "name": "Redirect Test Page (33)",
            "url": "",
          },
          {
            "childCount": 0,
            "children": [],
            "depth": 1,
            "documentType": "",
            "id": "188abc85-453b-462d-9a76-5ebbab04eb36",
            "name": "Redirect Test Page (34)",
            "url": "",
          },
          {
            "childCount": 0,
            "children": [],
            "depth": 1,
            "documentType": "",
            "id": "bcd7e263-4f88-4944-b3c8-48b1de3e98ab",
            "name": "Redirect Test Page (35)",
            "url": "",
          },
          {
            "childCount": 0,
            "children": [],
            "depth": 1,
            "documentType": "",
            "id": "22e54c70-e790-45c3-9612-d0b77858ed61",
            "name": "Redirect Test Page (36)",
            "url": "",
          },
          {
            "childCount": 0,
            "children": [],
            "depth": 1,
            "documentType": "",
            "id": "2f948e0c-1b27-4453-8134-369bea4446cf",
            "name": "Redirect Test Page (37)",
            "url": "",
          },
          {
            "childCount": 0,
            "children": [],
            "depth": 1,
            "documentType": "",
            "id": "536a044e-bc50-4e1e-90bb-4233bca8d911",
            "name": "Redirect Test Page (38)",
            "url": "",
          },
          {
            "childCount": 0,
            "children": [],
            "depth": 1,
            "documentType": "",
            "id": "5799a577-b49b-47af-9e8d-ec662d3c238c",
            "name": "Redirect Test Page (39)",
            "url": "",
          },
          {
            "childCount": 0,
            "children": [],
            "depth": 1,
            "documentType": "",
            "id": "77d86c0a-22f5-4085-bf41-549e254048e4",
            "name": "Redirect Test Page (40)",
            "url": "",
          },
          {
            "childCount": 0,
            "children": [],
            "depth": 1,
            "documentType": "",
            "id": "1ec5d42f-4274-4d2f-9c33-b762425156b8",
            "name": "Redirect Test Page (41)",
            "url": "",
          },
          {
            "childCount": 0,
            "children": [],
            "depth": 1,
            "documentType": "",
            "id": "fce2a254-f23c-480a-a559-b8807cd2f6ce",
            "name": "Redirect Test Page (42)",
            "url": "",
          },
          {
            "childCount": 0,
            "children": [],
            "depth": 1,
            "documentType": "",
            "id": "dc7965ca-c026-432a-a596-d7288dd74bc2",
            "name": "Redirect Test Page (43)",
            "url": "",
          },
          {
            "childCount": 0,
            "children": [],
            "depth": 1,
            "documentType": "",
            "id": "790b5fe8-c44c-430d-8462-a1a3cc7a38f1",
            "name": "Redirect Test Page (44)",
            "url": "",
          },
          {
            "childCount": 0,
            "children": [],
            "depth": 1,
            "documentType": "",
            "id": "51076e45-0f64-4b00-a7b9-e8c63e47499b",
            "name": "Redirect Test Page (45)",
            "url": "",
          },
          {
            "childCount": 0,
            "children": [],
            "depth": 1,
            "documentType": "",
            "id": "9c192de0-cefe-46f9-b043-67d4a6e93efa",
            "name": "Redirect Test Page (46)",
            "url": "",
          },
          {
            "childCount": 0,
            "children": [],
            "depth": 1,
            "documentType": "",
            "id": "d4c96efa-d4ef-4629-b313-d9f127ff82a3",
            "name": "Redirect Test Page (47)",
            "url": "",
          },
          {
            "childCount": 0,
            "children": [],
            "depth": 1,
            "documentType": "",
            "id": "00271cd6-0954-456d-82be-20ace9e5e034",
            "name": "Redirect Test Page (48)",
            "url": "",
          },
          {
            "childCount": 0,
            "children": [],
            "depth": 1,
            "documentType": "",
            "id": "a30a53f1-36b0-4371-a27c-3c7c35a5b7c9",
            "name": "Redirect Test Page (49)",
            "url": "",
          },
          {
            "childCount": 0,
            "children": [],
            "depth": 1,
            "documentType": "",
            "id": "924bb001-9789-43ca-9fb2-ad102fd44da1",
            "name": "Redirect Test Page (50)",
            "url": "",
          },
          {
            "childCount": 0,
            "children": [],
            "depth": 1,
            "documentType": "",
            "id": "a53884dc-22d4-48db-86e5-bbd9c227e1c1",
            "name": "Redirect Test Page (51)",
            "url": "",
          },
          {
            "childCount": 0,
            "children": [],
            "depth": 1,
            "documentType": "",
            "id": "91d40706-c2f3-4848-8122-ca022eac84c0",
            "name": "Redirect Test Page (52)",
            "url": "",
          },
          {
            "childCount": 0,
            "children": [],
            "depth": 1,
            "documentType": "",
            "id": "3a7d78b0-b0ad-4725-93a8-d9d0c8f5a76a",
            "name": "Redirect Test Page (53)",
            "url": "",
          },
          {
            "childCount": 0,
            "children": [],
            "depth": 1,
            "documentType": "",
            "id": "09061209-ad92-4449-8b30-2c5d3d3152e9",
            "name": "Redirect Test Page (54)",
            "url": "",
          },
          {
            "childCount": 0,
            "children": [],
            "depth": 1,
            "documentType": "",
            "id": "0475706d-da42-4d8d-bd40-8b46e7a51aab",
            "name": "Redirect Test Page (55)",
            "url": "",
          },
          {
            "childCount": 0,
            "children": [],
            "depth": 1,
            "documentType": "",
            "id": "69006e42-5298-42e8-8f37-00254a9b99ea",
            "name": "Redirect Test Page (56)",
            "url": "",
          },
          {
            "childCount": 0,
            "children": [],
            "depth": 1,
            "documentType": "",
            "id": "ba4675b7-5fbc-45d9-847f-e1cf33d66288",
            "name": "Redirect Test Page (57)",
            "url": "",
          },
          {
            "childCount": 0,
            "children": [],
            "depth": 1,
            "documentType": "",
            "id": "c4b54740-fa95-4064-ad4b-76063ce69fec",
            "name": "Redirect Test Page (58)",
            "url": "",
          },
          {
            "childCount": 0,
            "children": [],
            "depth": 1,
            "documentType": "",
            "id": "1dcf9de6-e1df-4680-95a1-025bd343a398",
            "name": "Redirect Test Page (59)",
            "url": "",
          },
          {
            "childCount": 0,
            "children": [],
            "depth": 1,
            "documentType": "",
            "id": "de7fe82b-13e3-4c7a-b071-673df3fd2cb4",
            "name": "Redirect Test Page (60)",
            "url": "",
          },
          {
            "childCount": 0,
            "children": [],
            "depth": 1,
            "documentType": "",
            "id": "56c9e117-4f89-482b-ba92-844e3af5d020",
            "name": "Redirect Test Page (61)",
            "url": "",
          },
          {
            "childCount": 0,
            "children": [],
            "depth": 1,
            "documentType": "",
            "id": "4500e179-48f2-4ee0-9cfa-3dadeea40bab",
            "name": "Redirect Test Page (62)",
            "url": "",
          },
          {
            "childCount": 0,
            "children": [],
            "depth": 1,
            "documentType": "",
            "id": "ef5f888a-5ae6-4de7-95b8-60b0aeb9ff7a",
            "name": "Redirect Test Page (63)",
            "url": "",
          },
          {
            "childCount": 0,
            "children": [],
            "depth": 1,
            "documentType": "",
            "id": "763b313c-5bc8-46e7-aa8e-aa8cf62cf2bd",
            "name": "Redirect Test Page (64)",
            "url": "",
          },
          {
            "childCount": 0,
            "children": [],
            "depth": 1,
            "documentType": "",
            "id": "46e1d69c-7b5f-4820-a4a0-48c82a766277",
            "name": "Redirect Test Page (65)",
            "url": "",
          },
          {
            "childCount": 0,
            "children": [],
            "depth": 1,
            "documentType": "",
            "id": "f75a5ecb-ac70-4984-b733-5de1530cf5fc",
            "name": "Redirect Test Page (66)",
            "url": "",
          },
          {
            "childCount": 0,
            "children": [],
            "depth": 1,
            "documentType": "",
            "id": "5420ec9b-4029-4dfc-a681-180408c31260",
            "name": "Redirect Test Page (67)",
            "url": "",
          },
          {
            "childCount": 0,
            "children": [],
            "depth": 1,
            "documentType": "",
            "id": "d5e85a74-fcb3-42be-b613-2fd29c511cbf",
            "name": "Redirect Test Page (68)",
            "url": "",
          },
          {
            "childCount": 0,
            "children": [],
            "depth": 1,
            "documentType": "",
            "id": "d931b66f-9789-4f04-b7b1-6b81f31fc472",
            "name": "Redirect Test Page (69)",
            "url": "",
          },
          {
            "childCount": 0,
            "children": [],
            "depth": 1,
            "documentType": "",
            "id": "87ff3f91-cd63-4897-8d4c-869ef1906e1d",
            "name": "Redirect Test Page (70)",
            "url": "",
          },
          {
            "childCount": 0,
            "children": [],
            "depth": 1,
            "documentType": "",
            "id": "954972d3-09a1-422d-955f-af2bb7d0bf97",
            "name": "Redirect Test Page (71)",
            "url": "",
          },
          {
            "childCount": 0,
            "children": [],
            "depth": 1,
            "documentType": "",
            "id": "b081cdbe-8cce-4f51-8c7b-f6c95c79b07b",
            "name": "Redirect Test Page (72)",
            "url": "",
          },
          {
            "childCount": 0,
            "children": [],
            "depth": 1,
            "documentType": "",
            "id": "0831fa8c-9980-4480-a561-e3a1700241bc",
            "name": "Redirect Test Page (73)",
            "url": "",
          },
          {
            "childCount": 0,
            "children": [],
            "depth": 1,
            "documentType": "",
            "id": "df87bdb2-a395-4d88-8058-a2a7100c84ca",
            "name": "Redirect Test Page (74)",
            "url": "",
          },
          {
            "childCount": 0,
            "children": [],
            "depth": 1,
            "documentType": "",
            "id": "b757a491-6cd7-4f7c-921d-a509a158bb4f",
            "name": "Redirect Test Page (75)",
            "url": "",
          },
          {
            "childCount": 0,
            "children": [],
            "depth": 1,
            "documentType": "",
            "id": "0c03e5b9-c62f-4749-887d-d65890e54c5a",
            "name": "Redirect Test Page (76)",
            "url": "",
          },
          {
            "childCount": 0,
            "children": [],
            "depth": 1,
            "documentType": "",
            "id": "9b109020-92ae-4186-b263-ee31a775e9e5",
            "name": "Redirect Test Page (77)",
            "url": "",
          },
          {
            "childCount": 0,
            "children": [],
            "depth": 1,
            "documentType": "",
            "id": "e5390e2a-fa3e-4d34-a785-0948c4153cc7",
            "name": "Redirect Test Page (78)",
            "url": "",
          },
          {
            "childCount": 0,
            "children": [],
            "depth": 1,
            "documentType": "",
            "id": "7d188368-79e2-4f92-9c93-9119bea6f07e",
            "name": "Redirect Test Page (79)",
            "url": "",
          },
          {
            "childCount": 0,
            "children": [],
            "depth": 1,
            "documentType": "",
            "id": "16794e42-b004-4bf5-bf37-8b88397698f2",
            "name": "Redirect Test Page (80)",
            "url": "",
          },
          {
            "childCount": 0,
            "children": [],
            "depth": 1,
            "documentType": "",
            "id": "0518339e-58f8-4b1f-aaf2-8764c59f12c6",
            "name": "Redirect Test Page (81)",
            "url": "",
          },
          {
            "childCount": 0,
            "children": [],
            "depth": 1,
            "documentType": "",
            "id": "4af66028-c161-404d-aaf4-9cc708357b08",
            "name": "Redirect Test Page (82)",
            "url": "",
          },
          {
            "childCount": 0,
            "children": [],
            "depth": 1,
            "documentType": "",
            "id": "fe1b9d30-89a4-4abd-99b4-a8ca607ca298",
            "name": "Redirect Test Page (83)",
            "url": "",
          },
          {
            "childCount": 0,
            "children": [],
            "depth": 1,
            "documentType": "",
            "id": "232eaa3e-75e7-4e78-b2c1-cb0a95ed7fc6",
            "name": "Redirect Test Page (84)",
            "url": "",
          },
          {
            "childCount": 0,
            "children": [],
            "depth": 1,
            "documentType": "",
            "id": "7c97dcb1-78e8-444d-9c19-d0ffe6891bf6",
            "name": "Redirect Test Page (85)",
            "url": "",
          },
          {
            "childCount": 0,
            "children": [],
            "depth": 1,
            "documentType": "",
            "id": "083ceed0-8cfd-42b8-baf0-ada92858c6d8",
            "name": "Redirect Test Page (86)",
            "url": "",
          },
          {
            "childCount": 0,
            "children": [],
            "depth": 1,
            "documentType": "",
            "id": "47497630-10bd-4483-b1e8-2b5761f5def2",
            "name": "Redirect Test Page (87)",
            "url": "",
          },
          {
            "childCount": 0,
            "children": [],
            "depth": 1,
            "documentType": "",
            "id": "4e7c4c36-6e17-4a0b-af54-90ed72233ed0",
            "name": "Redirect Test Page (88)",
            "url": "",
          },
          {
            "childCount": 0,
            "children": [],
            "depth": 1,
            "documentType": "",
            "id": "618c0dad-86d8-4f93-891f-187be4522a97",
            "name": "Redirect Test Page (89)",
            "url": "",
          },
          {
            "childCount": 0,
            "children": [],
            "depth": 1,
            "documentType": "",
            "id": "ce4598c0-ca17-4c2f-921b-ef914df57248",
            "name": "Redirect Test Page (90)",
            "url": "",
          },
        ],
        "depth": 0,
        "documentType": "",
        "id": "dcf18a51-6919-4cf8-89d1-36b94ce4d963",
        "name": "Home",
        "url": "",
      },
    ],
  },
}
`;
