// Jest Snapshot v1, https://goo.gl/fbAQLP

exports[`audit-page-content should audit content body and meta for a known page 1`] = `
{
  "content": [],
  "structuredContent": {
    "bodyContent": "[NORMALIZED_BODY]",
    "bodyWordCount": 6,
    "documentType": "",
    "hasMetaDescription": false,
    "id": "00000000-0000-0000-0000-000000000000",
    "lastModified": "NORMALIZED_DATE",
    "metaDescription": "",
    "name": "Home",
    "url": "",
  },
}
`;
