// Jest Snapshot v1, https://goo.gl/fbAQLP

exports[`audit-page-seo should return SEO audit for a known page 1`] = `
{
  "content": [],
  "structuredContent": {
    "bodyWordCount": 5,
    "hasMetaDescription": false,
    "hasTitle": true,
    "headingCount": 0,
    "headings": [],
    "id": "00000000-0000-0000-0000-000000000000",
    "images": [],
    "imagesWithoutAlt": 0,
    "metaDescription": "",
    "metaDescriptionLength": 0,
    "name": "Home",
    "title": "Clean Starter Kit",
    "titleLength": 17,
    "totalImages": 0,
    "url": "",
  },
}
`;
