// Jest Snapshot v1, https://goo.gl/fbAQLP

exports[`report-media-missing-alt should scan media root and return alt text status 1`] = `
{
  "content": [],
  "structuredContent": {
    "items": [
      {
        "altText": "",
        "hasAlt": false,
        "id": "00000000-0000-0000-0000-000000000000",
        "mediaType": "",
        "name": "Social Icons",
        "url": "",
      },
      {
        "altText": "",
        "hasAlt": false,
        "id": "00000000-0000-0000-0000-000000000000",
        "mediaType": "",
        "name": "Sample Images",
        "url": "",
      },
      {
        "altText": "",
        "hasAlt": false,
        "id": "00000000-0000-0000-0000-000000000000",
        "mediaType": "",
        "name": "Authors",
        "url": "",
      },
      {
        "altText": "",
        "hasAlt": false,
        "id": "00000000-0000-0000-0000-000000000000",
        "mediaType": "",
        "name": "Integration Test Folder",
        "url": "",
      },
      {
        "altText": "",
        "hasAlt": false,
        "id": "00000000-0000-0000-0000-000000000000",
        "mediaType": "",
        "name": "Move Target Folder",
        "url": "",
      },
      {
        "altText": "",
        "hasAlt": false,
        "id": "00000000-0000-0000-0000-000000000000",
        "mediaType": "",
        "name": "Bulk Move Source 1",
        "url": "",
      },
      {
        "altText": "",
        "hasAlt": false,
        "id": "00000000-0000-0000-0000-000000000000",
        "mediaType": "",
        "name": "Bulk Move Source 2",
        "url": "",
      },
      {
        "altText": "",
        "hasAlt": false,
        "id": "00000000-0000-0000-0000-000000000000",
        "mediaType": "",
        "name": "Bulk Move Target Folder",
        "url": "",
      },
      {
        "altText": "",
        "hasAlt": false,
        "id": "00000000-0000-0000-0000-000000000000",
        "mediaType": "",
        "name": "Bulk Move Reject Source",
        "url": "",
      },
      {
        "altText": "",
        "hasAlt": false,
        "id": "00000000-0000-0000-0000-000000000000",
        "mediaType": "",
        "name": "Bulk Move Reject Target",
        "url": "",
      },
      {
        "altText": "",
        "hasAlt": false,
        "id": "00000000-0000-0000-0000-000000000000",
        "mediaType": "",
        "name": "Elicitation Reject Test Folder",
        "url": "",
      },
      {
        "altText": "",
        "hasAlt": false,
        "id": "00000000-0000-0000-0000-000000000000",
        "mediaType": "",
        "name": "Move Reject Source",
        "url": "",
      },
      {
        "altText": "",
        "hasAlt": false,
        "id": "00000000-0000-0000-0000-000000000000",
        "mediaType": "",
        "name": "Move Reject Target",
        "url": "",
      },
      {
        "altText": "",
        "hasAlt": false,
        "id": "00000000-0000-0000-0000-000000000000",
        "mediaType": "",
        "name": "Integration Test Folder (1)",
        "url": "",
      },
      {
        "altText": "",
        "hasAlt": false,
        "id": "00000000-0000-0000-0000-000000000000",
        "mediaType": "",
        "name": "Move Target Folder (1)",
        "url": "",
      },
      {
        "altText": "",
        "hasAlt": false,
        "id": "00000000-0000-0000-0000-000000000000",
        "mediaType": "",
        "name": "Bulk Move Source 1 (1)",
        "url": "",
      },
      {
        "altText": "",
        "hasAlt": false,
        "id": "00000000-0000-0000-0000-000000000000",
        "mediaType": "",
        "name": "Bulk Move Source 2 (1)",
        "url": "",
      },
      {
        "altText": "",
        "hasAlt": false,
        "id": "00000000-0000-0000-0000-000000000000",
        "mediaType": "",
        "name": "Bulk Move Target Folder (1)",
        "url": "",
      },
      {
        "altText": "",
        "hasAlt": false,
        "id": "00000000-0000-0000-0000-000000000000",
        "mediaType": "",
        "name": "Bulk Move Reject Source (1)",
        "url": "",
      },
      {
        "altText": "",
        "hasAlt": false,
        "id": "00000000-0000-0000-0000-000000000000",
        "mediaType": "",
        "name": "Bulk Move Reject Target (1)",
        "url": "",
      },
      {
        "altText": "",
        "hasAlt": false,
        "id": "00000000-0000-0000-0000-000000000000",
        "mediaType": "",
        "name": "Elicitation Reject Test Folder (1)",
        "url": "",
      },
      {
        "altText": "",
        "hasAlt": false,
        "id": "00000000-0000-0000-0000-000000000000",
        "mediaType": "",
        "name": "Move Reject Source (1)",
        "url": "",
      },
      {
        "altText": "",
        "hasAlt": false,
        "id": "00000000-0000-0000-0000-000000000000",
        "mediaType": "",
        "name": "Move Reject Target (1)",
        "url": "",
      },
      {
        "altText": "",
        "hasAlt": false,
        "id": "00000000-0000-0000-0000-000000000000",
        "mediaType": "",
        "name": "Integration Test Folder (2)",
        "url": "",
      },
      {
        "altText": "",
        "hasAlt": false,
        "id": "00000000-0000-0000-0000-000000000000",
        "mediaType": "",
        "name": "Move Target Folder (2)",
        "url": "",
      },
      {
        "altText": "",
        "hasAlt": false,
        "id": "00000000-0000-0000-0000-000000000000",
        "mediaType": "",
        "name": "Bulk Move Source 1 (2)",
        "url": "",
      },
      {
        "altText": "",
        "hasAlt": false,
        "id": "00000000-0000-0000-0000-000000000000",
        "mediaType": "",
        "name": "Bulk Move Source 2 (2)",
        "url": "",
      },
      {
        "altText": "",
        "hasAlt": false,
        "id": "00000000-0000-0000-0000-000000000000",
        "mediaType": "",
        "name": "Bulk Move Target Folder (2)",
        "url": "",
      },
      {
        "altText": "",
        "hasAlt": false,
        "id": "00000000-0000-0000-0000-000000000000",
        "mediaType": "",
        "name": "Bulk Move Reject Source (2)",
        "url": "",
      },
      {
        "altText": "",
        "hasAlt": false,
        "id": "00000000-0000-0000-0000-000000000000",
        "mediaType": "",
        "name": "Bulk Move Reject Target (2)",
        "url": "",
      },
      {
        "altText": "",
        "hasAlt": false,
        "id": "00000000-0000-0000-0000-000000000000",
        "mediaType": "",
        "name": "Elicitation Reject Test Folder (2)",
        "url": "",
      },
      {
        "altText": "",
        "hasAlt": false,
        "id": "00000000-0000-0000-0000-000000000000",
        "mediaType": "",
        "name": "Move Reject Source (2)",
        "url": "",
      },
      {
        "altText": "",
        "hasAlt": false,
        "id": "00000000-0000-0000-0000-000000000000",
        "mediaType": "",
        "name": "Move Reject Target (2)",
        "url": "",
      },
      {
        "altText": "",
        "hasAlt": false,
        "id": "00000000-0000-0000-0000-000000000000",
        "mediaType": "",
        "name": "Integration Test Folder (3)",
        "url": "",
      },
      {
        "altText": "",
        "hasAlt": false,
        "id": "00000000-0000-0000-0000-000000000000",
        "mediaType": "",
        "name": "Move Target Folder (3)",
        "url": "",
      },
      {
        "altText": "",
        "hasAlt": false,
        "id": "00000000-0000-0000-0000-000000000000",
        "mediaType": "",
        "name": "Bulk Move Source 1 (3)",
        "url": "",
      },
      {
        "altText": "",
        "hasAlt": false,
        "id": "00000000-0000-0000-0000-000000000000",
        "mediaType": "",
        "name": "Bulk Move Source 2 (3)",
        "url": "",
      },
      {
        "altText": "",
        "hasAlt": false,
        "id": "00000000-0000-0000-0000-000000000000",
        "mediaType": "",
        "name": "Bulk Move Target Folder (3)",
        "url": "",
      },
      {
        "altText": "",
        "hasAlt": false,
        "id": "00000000-0000-0000-0000-000000000000",
        "mediaType": "",
        "name": "Bulk Move Reject Source (3)",
        "url": "",
      },
      {
        "altText": "",
        "hasAlt": false,
        "id": "00000000-0000-0000-0000-000000000000",
        "mediaType": "",
        "name": "Bulk Move Reject Target (3)",
        "url": "",
      },
      {
        "altText": "",
        "hasAlt": false,
        "id": "00000000-0000-0000-0000-000000000000",
        "mediaType": "",
        "name": "Elicitation Reject Test Folder (3)",
        "url": "",
      },
      {
        "altText": "",
        "hasAlt": false,
        "id": "00000000-0000-0000-0000-000000000000",
        "mediaType": "",
        "name": "Move Reject Source (3)",
        "url": "",
      },
      {
        "altText": "",
        "hasAlt": false,
        "id": "00000000-0000-0000-0000-000000000000",
        "mediaType": "",
        "name": "Move Reject Target (3)",
        "url": "",
      },
      {
        "altText": "",
        "hasAlt": false,
        "id": "00000000-0000-0000-0000-000000000000",
        "mediaType": "",
        "name": "Integration Test Folder (4)",
        "url": "",
      },
      {
        "altText": "",
        "hasAlt": false,
        "id": "00000000-0000-0000-0000-000000000000",
        "mediaType": "",
        "name": "Move Target Folder (4)",
        "url": "",
      },
      {
        "altText": "",
        "hasAlt": false,
        "id": "00000000-0000-0000-0000-000000000000",
        "mediaType": "",
        "name": "Bulk Move Source 1 (4)",
        "url": "",
      },
      {
        "altText": "",
        "hasAlt": false,
        "id": "00000000-0000-0000-0000-000000000000",
        "mediaType": "",
        "name": "Bulk Move Source 2 (4)",
        "url": "",
      },
      {
        "altText": "",
        "hasAlt": false,
        "id": "00000000-0000-0000-0000-000000000000",
        "mediaType": "",
        "name": "Bulk Move Target Folder (4)",
        "url": "",
      },
      {
        "altText": "",
        "hasAlt": false,
        "id": "00000000-0000-0000-0000-000000000000",
        "mediaType": "",
        "name": "Bulk Move Reject Source (4)",
        "url": "",
      },
      {
        "altText": "",
        "hasAlt": false,
        "id": "00000000-0000-0000-0000-000000000000",
        "mediaType": "",
        "name": "Bulk Move Reject Target (4)",
        "url": "",
      },
    ],
    "missingAltCount": 100,
    "scannedItems": 100,
    "totalImages": 100,
  },
}
`;
