// Jest Snapshot v1, https://goo.gl/fbAQLP

exports[`create-page should create a draft page 1`] = `
{
  "content": [],
  "structuredContent": {
    "documentType": {
      "0": "u",
      "1": "n",
      "2": "k",
      "3": "n",
      "4": "o",
      "5": "w",
      "6": "n",
      "id": "00000000-0000-0000-0000-000000000000",
    },
    "id": "00000000-0000-0000-0000-000000000000",
    "name": "_Test Create Page (41)",
    "urls": [],
    "values": [],
    "variants": [
      {
        "createDate": "NORMALIZED_DATE",
        "culture": null,
        "flags": [],
        "id": "00000000-0000-0000-0000-000000000000",
        "name": "_Test Create Page (41)",
        "publishDate": null,
        "scheduledPublishDate": null,
        "scheduledUnpublishDate": null,
        "segment": null,
        "state": "Draft",
        "updateDate": "NORMALIZED_DATE",
      },
    ],
  },
}
`;
