// Jest Snapshot v1, https://goo.gl/fbAQLP

exports[`create-and-publish-page should create and publish a page in one call 1`] = `
{
  "content": [],
  "structuredContent": {
    "id": "00000000-0000-0000-0000-000000000000",
    "message": "Created and published "_Test Create And Publish Page"",
    "name": "_Test Create And Publish Page",
    "publishedUrls": [
      "<published-url>",
    ],
  },
}
`;
