// Jest Snapshot v1, https://goo.gl/fbAQLP

exports[`duplicate-page duplicates a page under the same parent 1`] = `
{
  "content": [],
  "structuredContent": {
    "id": "00000000-0000-0000-0000-000000000000",
    "message": "Duplicated "_Test Duplicate Source"",
    "previewUrl": {
      "requiresBackofficeAuth": true,
      "url": "<preview-url>",
    },
    "sourceId": "00000000-0000-0000-0000-000000000000",
    "sourceName": "_Test Duplicate Source",
  },
}
`;
