// Jest Snapshot v1, https://goo.gl/fbAQLP

exports[`get-page should get page details by ID 1`] = `
{
  "content": [],
  "structuredContent": {
    "documentType": {
      "id": "00000000-0000-0000-0000-000000000000",
    },
    "id": "00000000-0000-0000-0000-000000000000",
    "name": "_Test Get Page",
    "previewUrl": {
      "requiresBackofficeAuth": true,
      "url": "<preview-url>",
    },
    "publishedUrls": [],
    "values": [],
    "variants": [
      {
        "createDate": "NORMALIZED_DATE",
        "culture": null,
        "flags": [],
        "id": "00000000-0000-0000-0000-000000000000",
        "name": "_Test Get Page",
        "publishDate": null,
        "scheduledPublishDate": null,
        "scheduledUnpublishDate": null,
        "segment": null,
        "state": "Draft",
        "updateDate": "NORMALIZED_DATE",
      },
    ],
  },
}
`;
