// Jest Snapshot v1, https://goo.gl/fbAQLP

exports[`inspect-blocks should return block structure for a page 1`] = `
{
  "content": [],
  "structuredContent": {
    "blockProperties": [
      {
        "blocks": [
          {
            "contentKey": "88b3cd1e-0bd7-47fd-9081-ab4832c84241",
            "contentTypeAlias": undefined,
            "contentTypeKey": "00000000-0000-0000-0000-000000000000",
            "properties": [
              {
                "alias": "icon",
                "value": [
                  {
                    "crops": [],
                    "focalPoint": null,
                    "key": "00000000-0000-0000-0000-000000000000",
                    "mediaKey": "00000000-0000-0000-0000-000000000000",
                    "mediaTypeAlias": "umbracoMediaVectorGraphics",
                  },
                ],
              },
              {
                "alias": "link",
                "value": [
                  {
                    "icon": "icon-link",
                    "name": "View this package repository on GitHub",
                    "published": true,
                    "queryString": null,
                    "target": "_blank",
                    "trashed": false,
                    "type": "external",
                    "unique": null,
                    "url": "https://github.com/prjseal",
                  },
                ],
              },
            ],
          },
          {
            "contentKey": "ea8a8fee-444b-461b-8b07-de267ccbe9ef",
            "contentTypeAlias": undefined,
            "contentTypeKey": "00000000-0000-0000-0000-000000000000",
            "properties": [
              {
                "alias": "icon",
                "value": [
                  {
                    "crops": [],
                    "focalPoint": null,
                    "key": "00000000-0000-0000-0000-000000000000",
                    "mediaKey": "00000000-0000-0000-0000-000000000000",
                    "mediaTypeAlias": "umbracoMediaVectorGraphics",
                  },
                ],
              },
              {
                "alias": "link",
                "value": [
                  {
                    "icon": "icon-link",
                    "name": "View this in the Umbraco Marketplace",
                    "published": true,
                    "queryString": null,
                    "target": "_blank",
                    "trashed": false,
                    "type": "external",
                    "unique": null,
                    "url": "https://marketplace.umbraco.com/package/clean",
                  },
                ],
              },
            ],
          },
          {
            "contentKey": "8fc94595-272b-475a-b4f8-0b8da018f720",
            "contentTypeAlias": undefined,
            "contentTypeKey": "00000000-0000-0000-0000-000000000000",
            "properties": [
              {
                "alias": "icon",
                "value": [
                  {
                    "crops": [],
                    "focalPoint": null,
                    "key": "00000000-0000-0000-0000-000000000000",
                    "mediaKey": "00000000-0000-0000-0000-000000000000",
                    "mediaTypeAlias": "umbracoMediaVectorGraphics",
                  },
                ],
              },
              {
                "alias": "link",
                "value": [
                  {
                    "icon": "icon-link",
                    "name": "Follow me on twitter",
                    "published": true,
                    "queryString": null,
                    "target": "_blank",
                    "trashed": false,
                    "type": "external",
                    "unique": null,
                    "url": "https://twitter.com/codesharepaul",
                  },
                ],
              },
            ],
          },
          {
            "contentKey": "f5a40b08-daf1-412f-bc57-f768498be386",
            "contentTypeAlias": undefined,
            "contentTypeKey": "00000000-0000-0000-0000-000000000000",
            "properties": [
              {
                "alias": "icon",
                "value": [
                  {
                    "crops": [],
                    "focalPoint": null,
                    "key": "00000000-0000-0000-0000-000000000000",
                    "mediaKey": "00000000-0000-0000-0000-000000000000",
                    "mediaTypeAlias": "umbracoMediaVectorGraphics",
                  },
                ],
              },
              {
                "alias": "link",
                "value": [
                  {
                    "icon": "icon-link",
                    "name": "Read my blog codeshare.co.uk",
                    "published": true,
                    "queryString": null,
                    "target": "_blank",
                    "trashed": false,
                    "type": "external",
                    "unique": null,
                    "url": "https://codeshare.co.uk",
                  },
                ],
              },
            ],
          },
          {
            "contentKey": "4342c4bf-5050-4a32-8b3e-6dbc2156afc2",
            "contentTypeAlias": undefined,
            "contentTypeKey": "00000000-0000-0000-0000-000000000000",
            "properties": [
              {
                "alias": "icon",
                "value": [
                  {
                    "crops": [],
                    "focalPoint": null,
                    "key": "00000000-0000-0000-0000-000000000000",
                    "mediaKey": "00000000-0000-0000-0000-000000000000",
                    "mediaTypeAlias": "umbracoMediaVectorGraphics",
                  },
                ],
              },
              {
                "alias": "link",
                "value": [
                  {
                    "icon": "icon-link",
                    "name": "Join the Umbraco discord server",
                    "published": true,
                    "queryString": null,
                    "target": "_blank",
                    "trashed": false,
                    "type": "external",
                    "unique": null,
                    "url": "https://discord.gg/umbraco",
                  },
                ],
              },
            ],
          },
          {
            "contentKey": "f0190005-f618-485f-a210-5d873e4c9227",
            "contentTypeAlias": undefined,
            "contentTypeKey": "00000000-0000-0000-0000-000000000000",
            "properties": [
              {
                "alias": "icon",
                "value": [
                  {
                    "crops": [],
                    "focalPoint": null,
                    "key": "00000000-0000-0000-0000-000000000000",
                    "mediaKey": "00000000-0000-0000-0000-000000000000",
                    "mediaTypeAlias": "umbracoMediaVectorGraphics",
                  },
                ],
              },
              {
                "alias": "link",
                "value": [
                  {
                    "icon": "icon-link",
                    "name": "You can buy me a coffee on PayPal if you would like to",
                    "published": true,
                    "queryString": null,
                    "target": "_blank",
                    "trashed": false,
                    "type": "external",
                    "unique": null,
                    "url": "https://codeshare.co.uk/coffee",
                  },
                ],
              },
            ],
          },
          {
            "contentKey": "853ba3c4-9bf1-4997-a49e-d9ebca703142",
            "contentTypeAlias": undefined,
            "contentTypeKey": "00000000-0000-0000-0000-000000000000",
            "properties": [
              {
                "alias": "icon",
                "value": [
                  {
                    "crops": [],
                    "focalPoint": null,
                    "key": "00000000-0000-0000-0000-000000000000",
                    "mediaKey": "00000000-0000-0000-0000-000000000000",
                    "mediaTypeAlias": "umbracoMediaVectorGraphics",
                  },
                ],
              },
              {
                "alias": "link",
                "value": [
                  {
                    "icon": "icon-link",
                    "name": "Follow me on Mastodon",
                    "published": true,
                    "queryString": null,
                    "target": "_blank",
                    "trashed": false,
                    "type": "external",
                    "unique": null,
                    "url": "https://umbracocommunity.social/@CodeSharePaul",
                  },
                ],
              },
            ],
          },
        ],
        "editorAlias": "Umbraco.BlockList",
        "propertyAlias": "socialIconLinks",
      },
      {
        "blocks": [
          {
            "contentKey": "bfc949ab-5489-4586-89f3-0c6c93f2d619",
            "contentTypeAlias": undefined,
            "contentTypeKey": "00000000-0000-0000-0000-000000000000",
            "properties": [
              {
                "alias": "articleList",
                "value": "31523089-f648-4883-9087-ef9a0b83129f",
              },
              {
                "alias": "pageSize",
                "value": 3,
              },
              {
                "alias": "showPagination",
                "value": false,
              },
            ],
          },
        ],
        "editorAlias": "Umbraco.BlockList",
        "propertyAlias": "contentRows",
      },
    ],
    "id": "00000000-0000-0000-0000-000000000000",
    "name": "Home",
  },
}
`;
