// Jest Snapshot v1, https://goo.gl/fbAQLP

exports[`list-children should accept cursor parameter 1`] = `
{
  "content": [],
  "structuredContent": {
    "items": [
      {
        "hasChildren": true,
        "id": "00000000-0000-0000-0000-000000000000",
        "name": "Home",
      },
      {
        "hasChildren": false,
        "id": "00000000-0000-0000-0000-000000000000",
        "name": "_Bulk Move Test Page",
      },
    ],
    "nextCursor": undefined,
    "total": 2,
  },
}
`;

exports[`list-children should return root-level pages 1`] = `
{
  "content": [],
  "structuredContent": {
    "items": [
      {
        "hasChildren": true,
        "id": "00000000-0000-0000-0000-000000000000",
        "name": "Home",
      },
      {
        "hasChildren": false,
        "id": "00000000-0000-0000-0000-000000000000",
        "name": "_Bulk Move Test Page",
      },
    ],
    "nextCursor": undefined,
    "total": 2,
  },
}
`;
