// Jest Snapshot v1, https://goo.gl/fbAQLP

exports[`delete-element should move an element to the recycle bin 1`] = `
{
  "content": [],
  "structuredContent": {
    "id": "00000000-0000-0000-0000-000000000000",
    "message": "Moved element "_Test Delete Element" to the recycle bin",
    "name": "_Test Delete Element",
  },
}
`;
