// Jest Snapshot v1, https://goo.gl/fbAQLP

exports[`list-media-children should return root-level media items 1`] = `
{
  "content": [],
  "structuredContent": {
    "items": [
      {
        "hasChildren": true,
        "id": "00000000-0000-0000-0000-000000000000",
        "isFolder": false,
        "mediaType": "",
        "name": "Social Icons",
      },
      {
        "hasChildren": true,
        "id": "00000000-0000-0000-0000-000000000000",
        "isFolder": false,
        "mediaType": "",
        "name": "Sample Images",
      },
      {
        "hasChildren": true,
        "id": "00000000-0000-0000-0000-000000000000",
        "isFolder": false,
        "mediaType": "",
        "name": "Authors",
      },
      {
        "hasChildren": false,
        "id": "00000000-0000-0000-0000-000000000000",
        "isFolder": false,
        "mediaType": "",
        "name": "Integration Test Folder",
      },
      {
        "hasChildren": true,
        "id": "00000000-0000-0000-0000-000000000000",
        "isFolder": false,
        "mediaType": "",
        "name": "Move Target Folder",
      },
      {
        "hasChildren": false,
        "id": "00000000-0000-0000-0000-000000000000",
        "isFolder": false,
        "mediaType": "",
        "name": "Bulk Move Source 1",
      },
      {
        "hasChildren": false,
        "id": "00000000-0000-0000-0000-000000000000",
        "isFolder": false,
        "mediaType": "",
        "name": "Bulk Move Source 2",
      },
      {
        "hasChildren": false,
        "id": "00000000-0000-0000-0000-000000000000",
        "isFolder": false,
        "mediaType": "",
        "name": "Bulk Move Target Folder",
      },
      {
        "hasChildren": false,
        "id": "00000000-0000-0000-0000-000000000000",
        "isFolder": false,
        "mediaType": "",
        "name": "Bulk Move Reject Source",
      },
      {
        "hasChildren": false,
        "id": "00000000-0000-0000-0000-000000000000",
        "isFolder": false,
        "mediaType": "",
        "name": "Bulk Move Reject Target",
      },
      {
        "hasChildren": false,
        "id": "00000000-0000-0000-0000-000000000000",
        "isFolder": false,
        "mediaType": "",
        "name": "Elicitation Reject Test Folder",
      },
      {
        "hasChildren": false,
        "id": "00000000-0000-0000-0000-000000000000",
        "isFolder": false,
        "mediaType": "",
        "name": "Move Reject Source",
      },
      {
        "hasChildren": false,
        "id": "00000000-0000-0000-0000-000000000000",
        "isFolder": false,
        "mediaType": "",
        "name": "Move Reject Target",
      },
      {
        "hasChildren": false,
        "id": "00000000-0000-0000-0000-000000000000",
        "isFolder": false,
        "mediaType": "",
        "name": "Integration Test Folder (1)",
      },
      {
        "hasChildren": true,
        "id": "00000000-0000-0000-0000-000000000000",
        "isFolder": false,
        "mediaType": "",
        "name": "Move Target Folder (1)",
      },
      {
        "hasChildren": false,
        "id": "00000000-0000-0000-0000-000000000000",
        "isFolder": false,
        "mediaType": "",
        "name": "Bulk Move Source 1 (1)",
      },
      {
        "hasChildren": false,
        "id": "00000000-0000-0000-0000-000000000000",
        "isFolder": false,
        "mediaType": "",
        "name": "Bulk Move Source 2 (1)",
      },
      {
        "hasChildren": false,
        "id": "00000000-0000-0000-0000-000000000000",
        "isFolder": false,
        "mediaType": "",
        "name": "Bulk Move Target Folder (1)",
      },
      {
        "hasChildren": false,
        "id": "00000000-0000-0000-0000-000000000000",
        "isFolder": false,
        "mediaType": "",
        "name": "Bulk Move Reject Source (1)",
      },
      {
        "hasChildren": false,
        "id": "00000000-0000-0000-0000-000000000000",
        "isFolder": false,
        "mediaType": "",
        "name": "Bulk Move Reject Target (1)",
      },
      {
        "hasChildren": false,
        "id": "00000000-0000-0000-0000-000000000000",
        "isFolder": false,
        "mediaType": "",
        "name": "Elicitation Reject Test Folder (1)",
      },
      {
        "hasChildren": false,
        "id": "00000000-0000-0000-0000-000000000000",
        "isFolder": false,
        "mediaType": "",
        "name": "Move Reject Source (1)",
      },
      {
        "hasChildren": false,
        "id": "00000000-0000-0000-0000-000000000000",
        "isFolder": false,
        "mediaType": "",
        "name": "Move Reject Target (1)",
      },
      {
        "hasChildren": false,
        "id": "00000000-0000-0000-0000-000000000000",
        "isFolder": false,
        "mediaType": "",
        "name": "Integration Test Folder (2)",
      },
      {
        "hasChildren": true,
        "id": "00000000-0000-0000-0000-000000000000",
        "isFolder": false,
        "mediaType": "",
        "name": "Move Target Folder (2)",
      },
      {
        "hasChildren": false,
        "id": "00000000-0000-0000-0000-000000000000",
        "isFolder": false,
        "mediaType": "",
        "name": "Bulk Move Source 1 (2)",
      },
      {
        "hasChildren": false,
        "id": "00000000-0000-0000-0000-000000000000",
        "isFolder": false,
        "mediaType": "",
        "name": "Bulk Move Source 2 (2)",
      },
      {
        "hasChildren": false,
        "id": "00000000-0000-0000-0000-000000000000",
        "isFolder": false,
        "mediaType": "",
        "name": "Bulk Move Target Folder (2)",
      },
      {
        "hasChildren": false,
        "id": "00000000-0000-0000-0000-000000000000",
        "isFolder": false,
        "mediaType": "",
        "name": "Bulk Move Reject Source (2)",
      },
      {
        "hasChildren": false,
        "id": "00000000-0000-0000-0000-000000000000",
        "isFolder": false,
        "mediaType": "",
        "name": "Bulk Move Reject Target (2)",
      },
      {
        "hasChildren": false,
        "id": "00000000-0000-0000-0000-000000000000",
        "isFolder": false,
        "mediaType": "",
        "name": "Elicitation Reject Test Folder (2)",
      },
      {
        "hasChildren": false,
        "id": "00000000-0000-0000-0000-000000000000",
        "isFolder": false,
        "mediaType": "",
        "name": "Move Reject Source (2)",
      },
      {
        "hasChildren": false,
        "id": "00000000-0000-0000-0000-000000000000",
        "isFolder": false,
        "mediaType": "",
        "name": "Move Reject Target (2)",
      },
      {
        "hasChildren": false,
        "id": "00000000-0000-0000-0000-000000000000",
        "isFolder": false,
        "mediaType": "",
        "name": "Integration Test Folder (3)",
      },
      {
        "hasChildren": true,
        "id": "00000000-0000-0000-0000-000000000000",
        "isFolder": false,
        "mediaType": "",
        "name": "Move Target Folder (3)",
      },
      {
        "hasChildren": false,
        "id": "00000000-0000-0000-0000-000000000000",
        "isFolder": false,
        "mediaType": "",
        "name": "Bulk Move Source 1 (3)",
      },
      {
        "hasChildren": false,
        "id": "00000000-0000-0000-0000-000000000000",
        "isFolder": false,
        "mediaType": "",
        "name": "Bulk Move Source 2 (3)",
      },
      {
        "hasChildren": false,
        "id": "00000000-0000-0000-0000-000000000000",
        "isFolder": false,
        "mediaType": "",
        "name": "Bulk Move Target Folder (3)",
      },
      {
        "hasChildren": false,
        "id": "00000000-0000-0000-0000-000000000000",
        "isFolder": false,
        "mediaType": "",
        "name": "Bulk Move Reject Source (3)",
      },
      {
        "hasChildren": false,
        "id": "00000000-0000-0000-0000-000000000000",
        "isFolder": false,
        "mediaType": "",
        "name": "Bulk Move Reject Target (3)",
      },
      {
        "hasChildren": false,
        "id": "00000000-0000-0000-0000-000000000000",
        "isFolder": false,
        "mediaType": "",
        "name": "Elicitation Reject Test Folder (3)",
      },
      {
        "hasChildren": false,
        "id": "00000000-0000-0000-0000-000000000000",
        "isFolder": false,
        "mediaType": "",
        "name": "Move Reject Source (3)",
      },
      {
        "hasChildren": false,
        "id": "00000000-0000-0000-0000-000000000000",
        "isFolder": false,
        "mediaType": "",
        "name": "Move Reject Target (3)",
      },
      {
        "hasChildren": false,
        "id": "00000000-0000-0000-0000-000000000000",
        "isFolder": false,
        "mediaType": "",
        "name": "Integration Test Folder (4)",
      },
      {
        "hasChildren": true,
        "id": "00000000-0000-0000-0000-000000000000",
        "isFolder": false,
        "mediaType": "",
        "name": "Move Target Folder (4)",
      },
      {
        "hasChildren": false,
        "id": "00000000-0000-0000-0000-000000000000",
        "isFolder": false,
        "mediaType": "",
        "name": "Bulk Move Source 1 (4)",
      },
      {
        "hasChildren": false,
        "id": "00000000-0000-0000-0000-000000000000",
        "isFolder": false,
        "mediaType": "",
        "name": "Bulk Move Source 2 (4)",
      },
      {
        "hasChildren": false,
        "id": "00000000-0000-0000-0000-000000000000",
        "isFolder": false,
        "mediaType": "",
        "name": "Bulk Move Target Folder (4)",
      },
      {
        "hasChildren": false,
        "id": "00000000-0000-0000-0000-000000000000",
        "isFolder": false,
        "mediaType": "",
        "name": "Bulk Move Reject Source (4)",
      },
      {
        "hasChildren": false,
        "id": "00000000-0000-0000-0000-000000000000",
        "isFolder": false,
        "mediaType": "",
        "name": "Bulk Move Reject Target (4)",
      },
      {
        "hasChildren": false,
        "id": "00000000-0000-0000-0000-000000000000",
        "isFolder": false,
        "mediaType": "",
        "name": "Elicitation Reject Test Folder (4)",
      },
      {
        "hasChildren": false,
        "id": "00000000-0000-0000-0000-000000000000",
        "isFolder": false,
        "mediaType": "",
        "name": "Move Reject Source (4)",
      },
      {
        "hasChildren": false,
        "id": "00000000-0000-0000-0000-000000000000",
        "isFolder": false,
        "mediaType": "",
        "name": "Move Reject Target (4)",
      },
      {
        "hasChildren": false,
        "id": "00000000-0000-0000-0000-000000000000",
        "isFolder": false,
        "mediaType": "",
        "name": "Integration Test Folder (5)",
      },
      {
        "hasChildren": true,
        "id": "00000000-0000-0000-0000-000000000000",
        "isFolder": false,
        "mediaType": "",
        "name": "Move Target Folder (5)",
      },
      {
        "hasChildren": false,
        "id": "00000000-0000-0000-0000-000000000000",
        "isFolder": false,
        "mediaType": "",
        "name": "Bulk Move Source 1 (5)",
      },
      {
        "hasChildren": false,
        "id": "00000000-0000-0000-0000-000000000000",
        "isFolder": false,
        "mediaType": "",
        "name": "Bulk Move Source 2 (5)",
      },
      {
        "hasChildren": false,
        "id": "00000000-0000-0000-0000-000000000000",
        "isFolder": false,
        "mediaType": "",
        "name": "Bulk Move Target Folder (5)",
      },
      {
        "hasChildren": false,
        "id": "00000000-0000-0000-0000-000000000000",
        "isFolder": false,
        "mediaType": "",
        "name": "Bulk Move Reject Source (5)",
      },
      {
        "hasChildren": false,
        "id": "00000000-0000-0000-0000-000000000000",
        "isFolder": false,
        "mediaType": "",
        "name": "Bulk Move Reject Target (5)",
      },
      {
        "hasChildren": false,
        "id": "00000000-0000-0000-0000-000000000000",
        "isFolder": false,
        "mediaType": "",
        "name": "Elicitation Reject Test Folder (5)",
      },
      {
        "hasChildren": false,
        "id": "00000000-0000-0000-0000-000000000000",
        "isFolder": false,
        "mediaType": "",
        "name": "Move Reject Source (5)",
      },
      {
        "hasChildren": false,
        "id": "00000000-0000-0000-0000-000000000000",
        "isFolder": false,
        "mediaType": "",
        "name": "Move Reject Target (5)",
      },
      {
        "hasChildren": false,
        "id": "00000000-0000-0000-0000-000000000000",
        "isFolder": false,
        "mediaType": "",
        "name": "Integration Test Folder (6)",
      },
      {
        "hasChildren": true,
        "id": "00000000-0000-0000-0000-000000000000",
        "isFolder": false,
        "mediaType": "",
        "name": "Move Target Folder (6)",
      },
      {
        "hasChildren": false,
        "id": "00000000-0000-0000-0000-000000000000",
        "isFolder": false,
        "mediaType": "",
        "name": "Bulk Move Source 1 (6)",
      },
      {
        "hasChildren": false,
        "id": "00000000-0000-0000-0000-000000000000",
        "isFolder": false,
        "mediaType": "",
        "name": "Bulk Move Source 2 (6)",
      },
      {
        "hasChildren": false,
        "id": "00000000-0000-0000-0000-000000000000",
        "isFolder": false,
        "mediaType": "",
        "name": "Bulk Move Target Folder (6)",
      },
      {
        "hasChildren": false,
        "id": "00000000-0000-0000-0000-000000000000",
        "isFolder": false,
        "mediaType": "",
        "name": "Bulk Move Reject Source (6)",
      },
      {
        "hasChildren": false,
        "id": "00000000-0000-0000-0000-000000000000",
        "isFolder": false,
        "mediaType": "",
        "name": "Bulk Move Reject Target (6)",
      },
      {
        "hasChildren": false,
        "id": "00000000-0000-0000-0000-000000000000",
        "isFolder": false,
        "mediaType": "",
        "name": "Elicitation Reject Test Folder (6)",
      },
      {
        "hasChildren": false,
        "id": "00000000-0000-0000-0000-000000000000",
        "isFolder": false,
        "mediaType": "",
        "name": "Move Reject Source (6)",
      },
      {
        "hasChildren": false,
        "id": "00000000-0000-0000-0000-000000000000",
        "isFolder": false,
        "mediaType": "",
        "name": "Move Reject Target (6)",
      },
      {
        "hasChildren": false,
        "id": "00000000-0000-0000-0000-000000000000",
        "isFolder": false,
        "mediaType": "",
        "name": "Integration Test Folder (7)",
      },
      {
        "hasChildren": true,
        "id": "00000000-0000-0000-0000-000000000000",
        "isFolder": false,
        "mediaType": "",
        "name": "Move Target Folder (7)",
      },
      {
        "hasChildren": false,
        "id": "00000000-0000-0000-0000-000000000000",
        "isFolder": false,
        "mediaType": "",
        "name": "Bulk Move Source 1 (7)",
      },
      {
        "hasChildren": false,
        "id": "00000000-0000-0000-0000-000000000000",
        "isFolder": false,
        "mediaType": "",
        "name": "Bulk Move Source 2 (7)",
      },
      {
        "hasChildren": false,
        "id": "00000000-0000-0000-0000-000000000000",
        "isFolder": false,
        "mediaType": "",
        "name": "Bulk Move Target Folder (7)",
      },
      {
        "hasChildren": false,
        "id": "00000000-0000-0000-0000-000000000000",
        "isFolder": false,
        "mediaType": "",
        "name": "Bulk Move Reject Source (7)",
      },
      {
        "hasChildren": false,
        "id": "00000000-0000-0000-0000-000000000000",
        "isFolder": false,
        "mediaType": "",
        "name": "Bulk Move Reject Target (7)",
      },
      {
        "hasChildren": false,
        "id": "00000000-0000-0000-0000-000000000000",
        "isFolder": false,
        "mediaType": "",
        "name": "Elicitation Reject Test Folder (7)",
      },
      {
        "hasChildren": false,
        "id": "00000000-0000-0000-0000-000000000000",
        "isFolder": false,
        "mediaType": "",
        "name": "Move Reject Source (7)",
      },
      {
        "hasChildren": false,
        "id": "00000000-0000-0000-0000-000000000000",
        "isFolder": false,
        "mediaType": "",
        "name": "Move Reject Target (7)",
      },
      {
        "hasChildren": false,
        "id": "00000000-0000-0000-0000-000000000000",
        "isFolder": false,
        "mediaType": "",
        "name": "Integration Test Folder (8)",
      },
      {
        "hasChildren": true,
        "id": "00000000-0000-0000-0000-000000000000",
        "isFolder": false,
        "mediaType": "",
        "name": "Move Target Folder (8)",
      },
      {
        "hasChildren": false,
        "id": "00000000-0000-0000-0000-000000000000",
        "isFolder": false,
        "mediaType": "",
        "name": "Bulk Move Source 1 (8)",
      },
      {
        "hasChildren": false,
        "id": "00000000-0000-0000-0000-000000000000",
        "isFolder": false,
        "mediaType": "",
        "name": "Bulk Move Source 2 (8)",
      },
      {
        "hasChildren": false,
        "id": "00000000-0000-0000-0000-000000000000",
        "isFolder": false,
        "mediaType": "",
        "name": "Bulk Move Target Folder (8)",
      },
      {
        "hasChildren": false,
        "id": "00000000-0000-0000-0000-000000000000",
        "isFolder": false,
        "mediaType": "",
        "name": "Bulk Move Reject Source (8)",
      },
      {
        "hasChildren": false,
        "id": "00000000-0000-0000-0000-000000000000",
        "isFolder": false,
        "mediaType": "",
        "name": "Bulk Move Reject Target (8)",
      },
      {
        "hasChildren": false,
        "id": "00000000-0000-0000-0000-000000000000",
        "isFolder": false,
        "mediaType": "",
        "name": "Elicitation Reject Test Folder (8)",
      },
      {
        "hasChildren": false,
        "id": "00000000-0000-0000-0000-000000000000",
        "isFolder": false,
        "mediaType": "",
        "name": "Move Reject Source (8)",
      },
      {
        "hasChildren": false,
        "id": "00000000-0000-0000-0000-000000000000",
        "isFolder": false,
        "mediaType": "",
        "name": "Move Reject Target (8)",
      },
      {
        "hasChildren": false,
        "id": "00000000-0000-0000-0000-000000000000",
        "isFolder": false,
        "mediaType": "",
        "name": "Integration Test Folder (9)",
      },
      {
        "hasChildren": true,
        "id": "00000000-0000-0000-0000-000000000000",
        "isFolder": false,
        "mediaType": "",
        "name": "Move Target Folder (9)",
      },
      {
        "hasChildren": false,
        "id": "00000000-0000-0000-0000-000000000000",
        "isFolder": false,
        "mediaType": "",
        "name": "Bulk Move Source 1 (9)",
      },
      {
        "hasChildren": false,
        "id": "00000000-0000-0000-0000-000000000000",
        "isFolder": false,
        "mediaType": "",
        "name": "Bulk Move Source 2 (9)",
      },
      {
        "hasChildren": false,
        "id": "00000000-0000-0000-0000-000000000000",
        "isFolder": false,
        "mediaType": "",
        "name": "Bulk Move Target Folder (9)",
      },
      {
        "hasChildren": false,
        "id": "00000000-0000-0000-0000-000000000000",
        "isFolder": false,
        "mediaType": "",
        "name": "Bulk Move Reject Source (9)",
      },
      {
        "hasChildren": false,
        "id": "00000000-0000-0000-0000-000000000000",
        "isFolder": false,
        "mediaType": "",
        "name": "Bulk Move Reject Target (9)",
      },
    ],
    "nextCursor": "eyJzIjoxMDAsInQiOjIwfQ",
    "total": 1554,
  },
}
`;
