// Jest Snapshot v1, https://goo.gl/fbAQLP

exports[`list-languages should list all configured languages 1`] = `
{
  "content": [],
  "structuredContent": {
    "items": [
      {
        "isDefault": true,
        "isMandatory": false,
        "isoCode": "en-US",
        "name": "English (United States)",
      },
      {
        "isDefault": false,
        "isMandatory": false,
        "isoCode": "nb-NO",
        "name": "Norwegian Bokmål",
      },
    ],
    "nextCursor": undefined,
    "total": 2,
  },
}
`;
